[    0.000000] Linux version 4.15.0-212-generic (buildd@lcy02-amd64-083) (gcc version 7.5.0 (Ubuntu 7.5.0-3ubuntu1~18.04)) #223-Ubuntu SMP Tue May 23 13:09:22 UTC 2023 (Ubuntu 4.15.0-212.223-generic 4.15.18)
[    0.000000] Command line: BOOT_IMAGE=/boot/vmlinuz-4.15.0-212-generic root=LABEL=cloudimg-rootfs ro console=tty1 console=ttyS0
[    0.000000] KERNEL supported cpus:
[    0.000000]   Intel GenuineIntel
[    0.000000]   AMD AuthenticAMD
[    0.000000]   Centaur CentaurHauls
[    0.000000] [Firmware Bug]: TSC doesn't count with P0 frequency!
[    0.000000] x86/fpu: x87 FPU will use FXSAVE
[    0.000000] e820: BIOS-provided physical RAM map:
[    0.000000] BIOS-e820: [mem 0x0000000000000000-0x000000000009fbff] usable
[    0.000000] BIOS-e820: [mem 0x000000000009fc00-0x000000000009ffff] reserved
[    0.000000] BIOS-e820: [mem 0x00000000000f0000-0x00000000000fffff] reserved
[    0.000000] BIOS-e820: [mem 0x0000000000100000-0x000000001ffeffff] usable
[    0.000000] BIOS-e820: [mem 0x000000001fff0000-0x000000001fffffff] ACPI data
[    0.000000] BIOS-e820: [mem 0x00000000fec00000-0x00000000fec00fff] reserved
[    0.000000] BIOS-e820: [mem 0x00000000fee00000-0x00000000fee00fff] reserved
[    0.000000] BIOS-e820: [mem 0x00000000fffc0000-0x00000000ffffffff] reserved
[    0.000000] NX (Execute Disable) protection: active
[    0.000000] SMBIOS 2.5 present.
[    0.000000] DMI: innotek GmbH VirtualBox/VirtualBox, BIOS VirtualBox 12/01/2006
[    0.000000] Hypervisor detected: KVM
[    0.000000] e820: last_pfn = 0x1fff0 max_arch_pfn = 0x400000000
[    0.000000] x86/PAT: Configuration [0-7]: WB  WC  UC- UC  WB  WP  UC- WT  
[    0.000000] CPU MTRRs all blank - virtualized system.
[    0.000000] found SMP MP-table at [mem 0x0009fbf0-0x0009fbff]
[    0.000000] Scanning 1 areas for low memory corruption
[    0.000000] RAMDISK: [mem 0x1db01000-0x1ee12fff]
[    0.000000] ACPI: Early table checksum verification disabled
[    0.000000] ACPI: RSDP 0x00000000000E0000 000024 (v02 VBOX  )
[    0.000000] ACPI: XSDT 0x000000001FFF0030 00003C (v01 VBOX   VBOXXSDT 00000001 ASL  00000061)
[    0.000000] ACPI: FACP 0x000000001FFF00F0 0000F4 (v04 VBOX   VBOXFACP 00000001 ASL  00000061)
[    0.000000] ACPI: DSDT 0x000000001FFF0610 002353 (v02 VBOX   VBOXBIOS 00000002 INTL 20100528)
[    0.000000] ACPI: FACS 0x000000001FFF0200 000040
[    0.000000] ACPI: FACS 0x000000001FFF0200 000040
[    0.000000] ACPI: APIC 0x000000001FFF0240 000054 (v02 VBOX   VBOXAPIC 00000001 ASL  00000061)
[    0.000000] ACPI: SSDT 0x000000001FFF02A0 00036C (v01 VBOX   VBOXCPUT 00000002 INTL 20100528)
[    0.000000] ACPI: Reserving FACP table memory at [mem 0x1fff00f0-0x1fff01e3]
[    0.000000] ACPI: Reserving DSDT table memory at [mem 0x1fff0610-0x1fff2962]
[    0.000000] ACPI: Reserving FACS table memory at [mem 0x1fff0200-0x1fff023f]
[    0.000000] ACPI: Reserving FACS table memory at [mem 0x1fff0200-0x1fff023f]
[    0.000000] ACPI: Reserving APIC table memory at [mem 0x1fff0240-0x1fff0293]
[    0.000000] ACPI: Reserving SSDT table memory at [mem 0x1fff02a0-0x1fff060b]
[    0.000000] No NUMA configuration found
[    0.000000] Faking a node at [mem 0x0000000000000000-0x000000001ffeffff]
[    0.000000] NODE_DATA(0) allocated [mem 0x1ffc5000-0x1ffeffff]
[    0.000000] kvm-clock: cpu 0, msr 0:1ff44001, primary cpu clock
[    0.000000] kvm-clock: Using msrs 4b564d01 and 4b564d00
[    0.000000] kvm-clock: using sched offset of 3457725651 cycles
[    0.000000] clocksource: kvm-clock: mask: 0xffffffffffffffff max_cycles: 0x1cd42e4dffb, max_idle_ns: 881590591483 ns
[    0.000000] Zone ranges:
[    0.000000]   DMA      [mem 0x0000000000001000-0x0000000000ffffff]
[    0.000000]   DMA32    [mem 0x0000000001000000-0x000000001ffeffff]
[    0.000000]   Normal   empty
[    0.000000]   Device   empty
[    0.000000] Movable zone start for each node
[    0.000000] Early memory node ranges
[    0.000000]   node   0: [mem 0x0000000000001000-0x000000000009efff]
[    0.000000]   node   0: [mem 0x0000000000100000-0x000000001ffeffff]
[    0.000000] Reserved but unavailable: 104 pages
[    0.000000] Initmem setup node 0 [mem 0x0000000000001000-0x000000001ffeffff]
[    0.000000] ACPI: PM-Timer IO Port: 0x4008
[    0.000000] IOAPIC[0]: apic_id 1, version 32, address 0xfec00000, GSI 0-23
[    0.000000] ACPI: INT_SRC_OVR (bus 0 bus_irq 0 global_irq 2 dfl dfl)
[    0.000000] ACPI: INT_SRC_OVR (bus 0 bus_irq 9 global_irq 9 low level)
[    0.000000] Using ACPI (MADT) for SMP configuration information
[    0.000000] smpboot: Allowing 1 CPUs, 0 hotplug CPUs
[    0.000000] PM: Registered nosave memory: [mem 0x00000000-0x00000fff]
[    0.000000] PM: Registered nosave memory: [mem 0x0009f000-0x0009ffff]
[    0.000000] PM: Registered nosave memory: [mem 0x000a0000-0x000effff]
[    0.000000] PM: Registered nosave memory: [mem 0x000f0000-0x000fffff]
[    0.000000] e820: [mem 0x20000000-0xfebfffff] available for PCI devices
[    0.000000] Booting paravirtualized kernel on KVM
[    0.000000] clocksource: refined-jiffies: mask: 0xffffffff max_cycles: 0xffffffff, max_idle_ns: 7645519600211568 ns
[    0.000000] setup_percpu: NR_CPUS:8192 nr_cpumask_bits:1 nr_cpu_ids:1 nr_node_ids:1
[    0.000000] percpu: Embedded 50 pages/cpu s167936 r8192 d28672 u2097152
[    0.000000] PV qspinlock hash table entries: 256 (order: 0, 4096 bytes)
[    0.000000] Built 1 zonelists, mobility grouping on.  Total pages: 128889
[    0.000000] Policy zone: DMA32
[    0.000000] Kernel command line: BOOT_IMAGE=/boot/vmlinuz-4.15.0-212-generic root=LABEL=cloudimg-rootfs ro console=tty1 console=ttyS0
[    0.000000] Memory: 466748K/523832K available (12300K kernel code, 2477K rwdata, 4324K rodata, 2480K init, 2720K bss, 57084K reserved, 0K cma-reserved)
[    0.000000] SLUB: HWalign=64, Order=0-3, MinObjects=0, CPUs=1, Nodes=1
[    0.000000] ftrace: allocating 39508 entries in 155 pages
[    0.004000] Hierarchical RCU implementation.
[    0.004000] 	RCU restricting CPUs from NR_CPUS=8192 to nr_cpu_ids=1.
[    0.004000] 	Tasks RCU enabled.
[    0.004000] RCU: Adjusting geometry for rcu_fanout_leaf=16, nr_cpu_ids=1
[    0.004000] NR_IRQS: 524544, nr_irqs: 256, preallocated irqs: 16
[    0.004000] random: crng init done
[    0.004000] Console: colour VGA+ 80x25
[    0.004000] console [tty1] enabled
[    0.004000] console [ttyS0] enabled
[    0.004000] ACPI: Core revision 20170831
[    0.004000] ACPI: 2 ACPI AML tables successfully acquired and loaded
[    0.004000] APIC: Switch to symmetric I/O mode setup
[    0.004000] ..TIMER: vector=0x30 apic1=0 pin1=2 apic2=-1 pin2=-1
[    0.004005] tsc: Detected 3693.106 MHz processor
[    0.008007] Calibrating delay loop (skipped) preset value.. 7386.21 BogoMIPS (lpj=14772424)
[    0.012002] pid_max: default: 32768 minimum: 301
[    0.013908] Security Framework initialized
[    0.016002] Yama: becoming mindful.
[    0.017707] AppArmor: AppArmor initialized
[    0.019414] Dentry cache hash table entries: 65536 (order: 7, 524288 bytes)
[    0.020030] Inode-cache hash table entries: 32768 (order: 6, 262144 bytes)
[    0.024010] Mount-cache hash table entries: 1024 (order: 1, 8192 bytes)
[    0.028005] Mountpoint-cache hash table entries: 1024 (order: 1, 8192 bytes)
[    0.032311] CPU0: Hyper-Threading is disabled
[    0.034407] Last level iTLB entries: 4KB 512, 2MB 512, 4MB 256
[    0.036002] Last level dTLB entries: 4KB 2048, 2MB 2048, 4MB 1024, 1GB 0
[    0.038733] Spectre V1 : Mitigation: usercopy/swapgs barriers and __user pointer sanitization
[    0.040002] Spectre V2 : Mitigation: Retpolines
[    0.044001] Spectre V2 : Spectre v2 / SpectreRSB mitigation: Filling RSB on context switch
[    0.048002] Spectre V2 : Spectre v2 / SpectreRSB : Filling RSB on VMEXIT
[    0.053591] Freeing SMP alternatives memory: 36K
[    0.144267] smpboot: CPU0: AMD Ryzen 5 5600X 6-Core Processor (family: 0x19, model: 0x21, stepping: 0x2)
[    0.148000] Performance Events: PMU not available due to virtualization, using software events only.
[    0.151796] Hierarchical SRCU implementation.
[    0.152385] NMI watchdog: Perf event create on CPU 0 failed with -2
[    0.156002] NMI watchdog: Perf NMI watchdog permanently disabled
[    0.158520] smp: Bringing up secondary CPUs ...
[    0.160002] smp: Brought up 1 node, 1 CPU
[    0.161833] smpboot: Max logical packages: 1
[    0.164003] smpboot: Total of 1 processors activated (7386.21 BogoMIPS)
[    0.168120] devtmpfs: initialized
[    0.169956] x86/mm: Memory block size: 128MB
[    0.172074] evm: security.selinux
[    0.173629] evm: security.SMACK64
[    0.176003] evm: security.SMACK64EXEC
[    0.177616] evm: security.SMACK64TRANSMUTE
[    0.179234] evm: security.SMACK64MMAP
[    0.180002] evm: security.apparmor
[    0.181351] evm: security.ima
[    0.182544] evm: security.capability
[    0.184082] clocksource: jiffies: mask: 0xffffffff max_cycles: 0xffffffff, max_idle_ns: 7645041785100000 ns
[    0.188011] futex hash table entries: 256 (order: 2, 16384 bytes)
[    0.190358] pinctrl core: initialized pinctrl subsystem
[    0.192286] RTC time:  2:56:34, date: 03/18/25
[    0.194155] NET: Registered protocol family 16
[    0.196060] audit: initializing netlink subsys (disabled)
[    0.198688] cpuidle: using governor ladder
[    0.200003] cpuidle: using governor menu
[    0.204557] audit: type=2000 audit(1742266599.562:1): state=initialized audit_enabled=0 res=1
[    0.207900] ACPI: bus type PCI registered
[    0.208002] acpiphp: ACPI Hot Plug PCI Controller Driver version: 0.5
[    0.212186] PCI: Using configuration type 1 for base access
[    0.214310] PCI: Using configuration type 1 for extended access
[    0.216614] HugeTLB registered 2.00 MiB page size, pre-allocated 0 pages
[    0.219232] ACPI: Added _OSI(Module Device)
[    0.220004] ACPI: Added _OSI(Processor Device)
[    0.221916] ACPI: Added _OSI(3.0 _SCP Extensions)
[    0.224002] ACPI: Added _OSI(Processor Aggregator Device)
[    0.226133] ACPI: Added _OSI(Linux-Dell-Video)
[    0.228005] ACPI: Added _OSI(Linux-Lenovo-NV-HDMI-Audio)
[    0.230483] ACPI: Added _OSI(Linux-HPI-Hybrid-Graphics)
[    0.232418] ACPI: Executed 1 blocks of module-level executable AML code
[    0.240916] ACPI: Interpreter enabled
[    0.242472] ACPI: (supports S0 S5)
[    0.243929] ACPI: Using IOAPIC for interrupt routing
[    0.244256] PCI: Using host bridge windows from ACPI; if necessary, use "pci=nocrs" and report a bug
[    0.248134] ACPI: Enabled 2 GPEs in block 00 to 07
[    0.257428] ACPI: PCI Root Bridge [PCI0] (domain 0000 [bus 00-ff])
[    0.260007] acpi PNP0A03:00: _OSC: OS supports [ExtendedConfig ASPM ClockPM Segments MSI]
[    0.264443] acpi PNP0A03:00: _OSC: platform does not support [PCIeCapability]
[    0.267587] acpi PNP0A03:00: _OSC: not requesting control; platform does not support [PCIeCapability]
[    0.268003] acpi PNP0A03:00: _OSC: OS requested [PCIeHotplug PME AER PCIeCapability]
[    0.272003] acpi PNP0A03:00: _OSC: platform willing to grant [PCIeHotplug PME AER]
[    0.276003] acpi PNP0A03:00: _OSC failed (AE_SUPPORT); disabling ASPM
[    0.280246] PCI host bridge to bus 0000:00
[    0.281879] pci_bus 0000:00: root bus resource [io  0x0000-0x0cf7 window]
[    0.284002] pci_bus 0000:00: root bus resource [io  0x0d00-0xffff window]
[    0.286558] pci_bus 0000:00: root bus resource [mem 0x000a0000-0x000bffff window]
[    0.288002] pci_bus 0000:00: root bus resource [mem 0x20000000-0xfdffffff window]
[    0.292002] pci_bus 0000:00: root bus resource [bus 00-ff]
[    0.298401] pci 0000:00:01.1: legacy IDE quirk: reg 0x10: [io  0x01f0-0x01f7]
[    0.300003] pci 0000:00:01.1: legacy IDE quirk: reg 0x14: [io  0x03f6]
[    0.304002] pci 0000:00:01.1: legacy IDE quirk: reg 0x18: [io  0x0170-0x0177]
[    0.306733] pci 0000:00:01.1: legacy IDE quirk: reg 0x1c: [io  0x0376]
[    0.319539] pci 0000:00:07.0: quirk: [io  0x4000-0x403f] claimed by PIIX4 ACPI
[    0.320021] pci 0000:00:07.0: quirk: [io  0x4100-0x410f] claimed by PIIX4 SMB
[    0.331911] ACPI: PCI Interrupt Link [LNKA] (IRQs 5 9 10 *11)
[    0.332643] ACPI: PCI Interrupt Link [LNKB] (IRQs 5 9 *10 11)
[    0.336181] ACPI: PCI Interrupt Link [LNKC] (IRQs 5 *9 10 11)
[    0.340193] ACPI: PCI Interrupt Link [LNKD] (IRQs 5 9 10 *11)
[    0.344393] SCSI subsystem initialized
[    0.348113] pci 0000:00:02.0: vgaarb: setting as boot VGA device
[    0.351445] pci 0000:00:02.0: vgaarb: VGA device added: decodes=io+mem,owns=io+mem,locks=none
[    0.352010] pci 0000:00:02.0: vgaarb: bridge control possible
[    0.356005] vgaarb: loaded
[    0.357971] ACPI: bus type USB registered
[    0.360048] usbcore: registered new interface driver usbfs
[    0.364030] usbcore: registered new interface driver hub
[    0.366553] usbcore: registered new device driver usb
[    0.368090] EDAC MC: Ver: 3.0.0
[    0.370411] PCI: Using ACPI for IRQ routing
[    0.372414] NetLabel: Initializing
[    0.373939] NetLabel:  domain hash size = 128
[    0.376004] NetLabel:  protocols = UNLABELED CIPSOv4 CALIPSO
[    0.380046] NetLabel:  unlabeled traffic allowed by default
[    0.384016] clocksource: Switched to clocksource kvm-clock
[    0.404182] VFS: Disk quotas dquot_6.6.0
[    0.409209] VFS: Dquot-cache hash table entries: 512 (order 0, 4096 bytes)
[    0.412242] AppArmor: AppArmor Filesystem Enabled
[    0.414233] pnp: PnP ACPI init
[    0.417044] pnp: PnP ACPI: found 3 devices
[    0.424955] clocksource: acpi_pm: mask: 0xffffff max_cycles: 0xffffff, max_idle_ns: 2085701024 ns
[    0.428847] NET: Registered protocol family 2
[    0.430790] IP idents hash table entries: 8192 (order: 4, 65536 bytes)
[    0.434302] TCP established hash table entries: 4096 (order: 3, 32768 bytes)
[    0.437319] TCP bind hash table entries: 4096 (order: 4, 65536 bytes)
[    0.439998] TCP: Hash tables configured (established 4096 bind 4096)
[    0.443025] UDP hash table entries: 256 (order: 1, 8192 bytes)
[    0.446544] UDP-Lite hash table entries: 256 (order: 1, 8192 bytes)
[    0.449151] NET: Registered protocol family 1
[    0.450867] pci 0000:00:00.0: Limiting direct PCI/PCI transfers
[    0.453311] pci 0000:00:01.0: Activating ISA DMA hang workarounds
[    0.455727] pci 0000:00:02.0: Video device with shadowed ROM at [mem 0x000c0000-0x000dffff]
[    0.459486] Unpacking initramfs...
[    0.728047] Freeing initrd memory: 19528K
[    0.730780] clocksource: tsc: mask: 0xffffffffffffffff max_cycles: 0x6a77ca17184, max_idle_ns: 881590907134 ns
[    0.734963] platform rtc_cmos: registered platform RTC device (no PNP device found)
[    0.738037] Scanning for low memory corruption every 60 seconds
[    0.741077] Initialise system trusted keyrings
[    0.742823] Key type blacklist registered
[    0.744628] workingset: timestamp_bits=36 max_order=17 bucket_order=0
[    0.748214] zbud: loaded
[    0.749942] squashfs: version 4.0 (2009/01/31) Phillip Lougher
[    0.752487] fuse init (API version 7.26)
[    0.755379] Key type asymmetric registered
[    0.757127] Asymmetric key parser 'x509' registered
[    0.759092] Block layer SCSI generic (bsg) driver version 0.4 loaded (major 246)
[    0.762297] io scheduler noop registered
[    0.763820] io scheduler deadline registered
[    0.765777] io scheduler cfq registered (default)
[    0.767873] ACPI: AC Adapter [AC] (on-line)
[    0.769817] input: Power Button as /devices/LNXSYSTM:00/LNXPWRBN:00/input/input0
[    0.772825] ACPI: Power Button [PWRF]
[    0.774336] input: Sleep Button as /devices/LNXSYSTM:00/LNXSLPBN:00/input/input1
[    0.777389] ACPI: Sleep Button [SLPF]
[    0.779096] Serial: 8250/16550 driver, 32 ports, IRQ sharing enabled
[    0.805113] 00:02: ttyS0 at I/O 0x3f8 (irq = 4, base_baud = 115200) is a 16550A
[    0.809943] Linux agpgart interface v0.103
[    0.813491] loop: module loaded
[    0.816785] scsi host0: ata_piix
[    0.818278] scsi host1: ata_piix
[    0.820016] ata1: PATA max UDMA/33 cmd 0x1f0 ctl 0x3f6 bmdma 0xd000 irq 14
[    0.822817] ata2: PATA max UDMA/33 cmd 0x170 ctl 0x376 bmdma 0xd008 irq 15
[    0.826376] tun: Universal TUN/TAP device driver, 1.6
[    0.828890] PPP generic driver version 2.4.2
[    0.830973] ehci_hcd: USB 2.0 'Enhanced' Host Controller (EHCI) Driver
[    0.834284] ehci-pci: EHCI PCI platform driver
[    0.836592] ehci-platform: EHCI generic platform driver
[    0.838666] ohci_hcd: USB 1.1 'Open' Host Controller (OHCI) Driver
[    0.841248] ohci-pci: OHCI PCI platform driver
[    0.843210] ohci-platform: OHCI generic platform driver
[    0.845377] uhci_hcd: USB Universal Host Controller Interface driver
[    0.847889] i8042: PNP: PS/2 Controller [PNP0303:PS2K,PNP0f03:PS2M] at 0x60,0x64 irq 1,12
[    0.852849] serio: i8042 KBD port at 0x60,0x64 irq 1
[    0.854794] serio: i8042 AUX port at 0x60,0x64 irq 12
[    0.857012] mousedev: PS/2 mouse device common for all mice
[    0.860023] input: AT Translated Set 2 keyboard as /devices/platform/i8042/serio0/input/input2
[    0.864300] rtc_cmos rtc_cmos: rtc core: registered rtc_cmos as rtc0
[    0.867025] rtc_cmos rtc_cmos: alarms up to one day, 114 bytes nvram
[    0.869869] i2c /dev entries driver
[    0.871294] device-mapper: uevent: version 1.0.3
[    0.873227] device-mapper: ioctl: 4.37.0-ioctl (2017-09-20) initialised: dm-devel@redhat.com
[    0.876562] ledtrig-cpu: registered to indicate activity on CPUs
[    0.879264] NET: Registered protocol family 10
[    0.883323] Segment Routing with IPv6
[    0.885045] NET: Registered protocol family 17
[    0.886900] Key type dns_resolver registered
[    0.888708] mce: Using 0 MCE banks
[    0.890282] RAS: Correctable Errors collector initialized.
[    0.892489] sched_clock: Marking stable (892427770, 0)->(1201450180, -309022410)
[    0.895819] registered taskstats version 1
[    0.897998] Loading compiled-in X.509 certificates
[    0.901516] Loaded X.509 cert 'Build time autogenerated kernel key: b5b26778eaa3ab3a4a6cee031137706e947d12ad'
[    0.905713] Loaded X.509 cert 'Canonical Ltd. Live Patch Signing: 14df34d1a87cf37625abec039ef2bf521249b969'
[    0.909945] Loaded X.509 cert 'Canonical Ltd. Kernel Module Signing: 88f752e560a1e0737e31163a466ad7b70a850c19'
[    0.913932] blacklist: Loading compiled-in revocation X.509 certificates
[    0.916856] Loaded X.509 cert 'Canonical Ltd. Secure Boot Signing: 61482aa2830d0ab2ad5af10b7250da9033ddcef0'
[    0.920915] Loaded X.509 cert 'Canonical Ltd. Secure Boot Signing (2017): 242ade75ac4a15e50d50c84b0d45ff3eae707a03'
[    0.924952] Loaded X.509 cert 'Canonical Ltd. Secure Boot Signing (ESM 2018): 365188c1d374d6b07c3c8f240f8ef722433d6a8b'
[    0.929445] Loaded X.509 cert 'Canonical Ltd. Secure Boot Signing (2019): c0746fd6c5da3ae827864651ad66ae47fe24b3e8'
[    0.933742] Loaded X.509 cert 'Canonical Ltd. Secure Boot Signing (2021 v1): a8d54bbb3825cfb94fa13c9f8a594a195c107b8d'
[    0.937881] Loaded X.509 cert 'Canonical Ltd. Secure Boot Signing (2021 v2): 4cf046892d6fd3c9a5b03f98d845f90851dc6a8c'
[    0.942344] Loaded X.509 cert 'Canonical Ltd. Secure Boot Signing (2021 v3): 100437bb6de6e469b581e61cd66bce3ef4ed53af'
[    0.946581] Loaded X.509 cert 'Canonical Ltd. Secure Boot Signing (Ubuntu Core 2019): c1d57b8f6b743f23ee41f4f7ee292f06eecadfb9'
[    0.951192] zswap: loaded using pool lzo/zbud
[    0.955111] Key type big_key registered
[    0.956895] Key type trusted registered
[    0.959361] Key type encrypted registered
[    0.961285] AppArmor: AppArmor sha1 policy hashing enabled
[    0.963938] ima: No TPM chip found, activating TPM-bypass! (rc=-19)
[    0.966646] ima: Allocated hash algorithm: sha1
[    0.968643] evm: HMAC attrs: 0x1
[    0.970298]   Magic number: 1:434:915
[    0.971912] rtc_cmos rtc_cmos: setting system clock to 2025-03-18 02:56:35 UTC (1742266595)
[    0.975242] BIOS EDD facility v0.16 2004-Jun-25, 0 devices found
[    0.977652] EDD information not available.
[    1.021296] Freeing unused kernel image memory: 2480K
[    1.032789] Write protecting the kernel read-only data: 20480k
[    1.035492] Freeing unused kernel image memory: 2008K
[    1.037662] Freeing unused kernel image memory: 1820K
[    1.042540] x86/mm: Checked W+X mappings: passed, no W+X pages found.
Loading, please wait...
starting version 237
[    1.108565] e1000: Intel(R) PRO/1000 Network Driver - version 7.3.21-k8-NAPI
[    1.112029] e1000: Copyright (c) 1999-2006 Intel Corporation.
[    1.116464] Fusion MPT base driver 3.04.20
[    1.118255] Copyright (c) 1999-2008 LSI Corporation
[    1.138940] SSE version of gcm_enc/dec engaged.
[    1.141883] Fusion MPT SPI Host driver 3.04.20
[    1.342761] input: ImExPS/2 Generic Explorer Mouse as /devices/platform/i8042/serio1/input/input4
[    1.641778] e1000 0000:00:03.0 eth0: (PCI:33MHz:32-bit) 02:3b:7b:b7:3b:2d
[    1.644515] e1000 0000:00:03.0 eth0: Intel(R) PRO/1000 Network Connection
[    1.647829] mptbase: ioc0: Initiating bringup
[    1.757618] ioc0: LSI53C1030 A0: Capabilities={Initiator}
[    2.004355] scsi host2: ioc0: LSI53C1030 A0, FwRev=00000000h, Ports=1, MaxQ=256, IRQ=20
[    2.173184] scsi 2:0:0:0: Direct-Access     VBOX     HARDDISK         1.0  PQ: 0 ANSI: 5
[    2.178406] scsi target2:0:0: Beginning Domain Validation
[    2.183440] scsi target2:0:0: Domain Validation skipping write tests
[    2.186063] scsi target2:0:0: Ending Domain Validation
[    2.188341] scsi target2:0:0: asynchronous
[    2.190948] scsi 2:0:1:0: Direct-Access     VBOX     HARDDISK         1.0  PQ: 0 ANSI: 5
[    2.194573] scsi target2:0:1: Beginning Domain Validation
[    2.200122] scsi target2:0:1: Domain Validation skipping write tests
[    2.202516] scsi target2:0:1: Ending Domain Validation
[    2.204756] scsi target2:0:1: asynchronous
[    2.218241] sd 2:0:0:0: [sda] 83886080 512-byte logical blocks: (42.9 GB/40.0 GiB)
[    2.221626] sd 2:0:0:0: Attached scsi generic sg0 type 0
[    2.229468] sd 2:0:0:0: [sda] Write Protect is off
[    2.232251] sd 2:0:1:0: [sdb] 20480 512-byte logical blocks: (10.5 MB/10.0 MiB)
[    2.235196] sd 2:0:1:0: [sdb] Write Protect is off
[    2.237189] sd 2:0:1:0: Attached scsi generic sg1 type 0
[    2.239652] sd 2:0:0:0: [sda] Incomplete mode parameter data
[    2.241883] sd 2:0:0:0: [sda] Assuming drive cache: write through
[    2.250170] sd 2:0:1:0: [sdb] Incomplete mode parameter data
[    2.252538] sd 2:0:1:0: [sdb] Assuming drive cache: write through
[    2.256885]  sda: sda1
[    2.259091] sd 2:0:0:0: [sda] Attached SCSI disk
[    2.279943] sd 2:0:1:0: [sdb] Attached SCSI disk
[    2.723772] e1000 0000:00:08.0 eth1: (PCI:33MHz:32-bit) 08:00:27:78:c7:a2
[    2.726506] e1000 0000:00:08.0 eth1: Intel(R) PRO/1000 Network Connection
[    2.730212] e1000 0000:00:08.0 enp0s8: renamed from eth1
[    2.733318] e1000 0000:00:03.0 enp0s3: renamed from eth0
Begin: Loading essential drivers ... [    4.180033] raid6: sse2x1   gen()  7600 MB/s
[    4.232035] raid6: sse2x1   xor() 13075 MB/s
[    4.284062] raid6: sse2x2   gen() 15730 MB/s
[    4.336038] raid6: sse2x2   xor() 16017 MB/s
[    4.388138] raid6: sse2x4   gen() 21817 MB/s
[    4.440035] raid6: sse2x4   xor()  9923 MB/s
[    4.442113] raid6: using algorithm sse2x4 gen() 21817 MB/s
[    4.445292] raid6: .... xor() 9923 MB/s, rmw enabled
[    4.448126] raid6: using ssse3x2 recovery algorithm
[    4.452682] xor: measuring software checksum speed
[    4.564277]    prefetch64-sse: 47296.000 MB/sec
[    4.668631]    generic_sse: 43601.000 MB/sec
[    4.672601] xor: using function: prefetch64-sse (47296.000 MB/sec)
[    4.678179] async_tx: api initialized (async)
done.
Begin: Running /scripts/init-premount ... done.
Begin: Mounting root file system ... Begin: Running /scripts/local-top ... done.
Begin: Running /scripts/local-premount ... [    4.734260] Btrfs loaded, crc32c=crc32c-intel
Scanning for Btrfs filesystems
done.
Warning: fsck not present, so skipping root file system
[    4.784617] EXT4-fs (sda1): mounted filesystem with ordered data mode. Opts: (null)
done.
Begin: Running /scripts/local-bottom ... done.
Begin: Running /scripts/init-bottom ... done.
[    4.990016] ip_tables: (C) 2000-2006 Netfilter Core Team
[    5.004638] systemd[1]: systemd 237 running in system mode. (+PAM +AUDIT +SELINUX +IMA +APPARMOR +SMACK +SYSVINIT +UTMP +LIBCRYPTSETUP +GCRYPT +GNUTLS +ACL +XZ +LZ4 +SECCOMP +BLKID +ELFUTILS +KMOD -IDN2 +IDN -PCRE2 default-hierarchy=hybrid)
[    5.013378] systemd[1]: Detected virtualization oracle.
[    5.015430] systemd[1]: Detected architecture x86-64.

Welcome to [1mUbuntu 18.04.6 LTS[0m!

[    5.020849] systemd[1]: Set hostname to <ubuntu>.
[    5.026169] systemd[1]: Initializing machine ID from random generator.
[    5.029128] systemd[1]: Installed transient /etc/machine-id file.
[    5.258691] systemd[1]: Set up automount Arbitrary Executable File Formats File System Automount Point.
[[0;32m  OK  [0m] Set up automount Arbitrary Executabâ€¦rmats File System Automount Point.
[    5.265630] systemd[1]: Created slice System Slice.
[[0;32m  OK  [0m] Created slice System Slice.
[    5.270201] systemd[1]: Listening on Network Service Netlink Socket.
[[0;32m  OK  [0m] Listening on Network Service Netlink Socket.
[    5.274657] systemd[1]: Listening on udev Control Socket.
[[0;32m  OK  [0m] Listening on udev Control Socket.
[[0;32m  OK  [0m] Listening on fsck to fsckd communication Socket.
[[0;32m  OK  [0m] Reached target Swap.
[[0;32m  OK  [0m] Created slice User and Session Slice.
[[0;32m  OK  [0m] Started Forward Password Requests to Wall Directory Watch.
[[0;32m  OK  [0m] Reached target User and Group Name Lookups.
[[0;32m  OK  [0m] Listening on LVM2 poll daemon socket.
[[0;32m  OK  [0m] Listening on Device-mapper event daemon FIFOs.
[[0;32m  OK  [0m] Reached target Mounting snaps.
[[0;32m  OK  [0m] Reached target Mounted snaps.
[[0;32m  OK  [0m] Listening on Syslog Socket.
[[0;32m  OK  [0m] Reached target System Time Synchronized.
[[0;32m  OK  [0m] Listening on udev Kernel Socket.
[[0;32m  OK  [0m] Created slice system-serial\x2dgetty.slice.
[[0;32m  OK  [0m] Listening on Journal Socket (/dev/log).
[[0;32m  OK  [0m] Reached target Slices.
[[0;32m  OK  [0m] Listening on /dev/initctl Compatibility Named Pipe.
[[0;32m  OK  [0m] Listening on LVM2 metadata daemon socket.
[[0;32m  OK  [0m] Listening on Journal Audit Socket.
[[0;32m  OK  [0m] Listening on Journal Socket.
         Starting Create list of required stâ€¦ce nodes for the current kernel...
         Starting Uncomplicated firewall...
         Starting udev Coldplug all Devices...
         Mounting Kernel Debug File System...
         Starting Set the console keyboard layout...
         Mounting Huge Pages File System...
         Starting File System Check on Root Device...
         Mounting POSIX Message Queue File System...
         Starting Journal Service...
         Starting Monitoring of LVM2 mirrorsâ€¦ng dmeventd or progress polling...
         Starting Load Kernel Modules...
[[0;32m  OK  [0m] Started Journal Service.
[[0;32m  OK  [0m] Started Create list of required staâ€¦vice nodes for the current kernel.
[[0;32m  OK  [0m] Started Uncomplicated firewall.
[[0;32m  OK  [0m] Mounted Kernel Debug File System.
[[0;32m  OK  [0m] Mounted Huge Pages File System.
[[0;32m  OK  [0m] Mounted POSIX Message Queue File System.
[[0;32m  OK  [0m] Started File System Check Daemon to report status.
         Starting Create Static Device Nodes in /dev...
[    5.443264] Loading iSCSI transport class v2.0-870.
[[0;32m  OK  [0m] Started udev Coldplug all Devices.
[[0;32m  OK  [0m] Started LVM2 metadata daemon.
[[0;32m  OK  [0m] Started File System Check on Root Device.
         Starting Remount Root and Kernel File Systems...
[[0;32m  OK  [0m] Started Create Static Device Nodes in /dev.
[    5.515631] iscsi: registered transport (tcp)
[    5.529901] iscsi: registered transport (iser)
[[0;32m  OK  [0m] Started Load Kernel Modules.
         Starting Apply Kernel Variables...
         Mounting Kernel Configuration File System...
         Mounting FUSE Control File System...
[[0;32m  OK  [0m] Mounted Kernel Configuration File System.
[[0;32m  OK  [0m] Mounted FUSE Control File System.
[[0;32m  OK  [0m] Started Remount Root and Kernel File Systems.
         Starting udev Kernel Device Manager...
         Starting Flush Journal to Persistent Storage...
         Starting Load/Save Random Seed...
[[0;32m  OK  [0m] Started Monitoring of LVM2 mirrors,â€¦sing dmeventd or progress polling.
[[0;32m  OK  [0m] Started Apply Kernel Variables.
[[0;32m  OK  [0m] Started udev Kernel Device Manager.
[[0;32m  OK  [0m] Started Load/Save Random Seed.
[[0;32m  OK  [0m] Started Flush Journal to Persistent Storage.
[[0;32m  OK  [0m] Found device /dev/ttyS0.
[[0;32m  OK  [0m] Listening on Load/Save RF Kill Switch Status /dev/rfkill Watch.
[[0;32m  OK  [0m] Started Set the console keyboard layout.
[[0;32m  OK  [0m] Reached target Local File Systems (Pre).
[[0;32m  OK  [0m] Reached target Local File Systems.
         Starting Tell Plymouth To Write Out Runtime Data...
         Starting ebtables ruleset management...
         Starting Commit a transient machine-id on disk...
         Starting Set console font and keymap...
         Starting AppArmor initialization...
         Starting Create Volatile Files and Directories...
[[0;32m  OK  [0m] Started Dispatch Password Requests to Console Directory Watch.
[[0;32m  OK  [0m] Reached target Local Encrypted Volumes.
[[0;32m  OK  [0m] Started Tell Plymouth To Write Out Runtime Data.
[[0;32m  OK  [0m] Started Commit a transient machine-id on disk.
[[0;32m  OK  [0m] Started Create Volatile Files and Directories.
         Starting Update UTMP about System Boot/Shutdown...
[[0;32m  OK  [0m] Started Update UTMP about System Boot/Shutdown.
[[0;32m  OK  [0m] Started ebtables ruleset management.
         Mounting Arbitrary Executable File Formats File System...
[[0;32m  OK  [0m] Mounted Arbitrary Executable File Formats File System.
[[0;32m  OK  [0m] Started AppArmor initialization.
         Starting Load AppArmor profiles managed internally by snapd...
         Starting Initial cloud-init job (pre-networking)...
[[0;32m  OK  [0m] Started Load AppArmor profiles managed internally by snapd.
[[0;32m  OK  [0m] Started Set console font and keymap.
[    8.664734] cloud-init[771]: Cloud-init v. 23.1.2-0ubuntu0~18.04.1 running 'init-local' at Tue, 18 Mar 2025 02:56:42 +0000. Up 8.44 seconds.
[[0;32m  OK  [0m] Started Initial cloud-init job (pre-networking).
[[0;32m  OK  [0m] Reached target Network (Pre).
         Starting Network Service...
[[0;32m  OK  [0m] Started Network Service.
         Starting Network Name Resolution...
         Starting Wait for Network to be Configured...
[[0;32m  OK  [0m] Started Network Name Resolution.
[[0;32m  OK  [0m] Reached target Network.
[[0;32m  OK  [0m] Reached target Host and Network Name Lookups.
[[0;32m  OK  [0m] Started Wait for Network to be Configured.
         Starting Initial cloud-init job (metadata service crawler)...
[   10.404546] cloud-init[869]: Cloud-init v. 23.1.2-0ubuntu0~18.04.1 running 'init' at Tue, 18 Mar 2025 02:56:44 +0000. Up 10.31 seconds.
[   10.410033] cloud-init[869]: ci-info: ++++++++++++++++++++++++++++++++++++++Net device info+++++++++++++++++++++++++++++++++++++++
[   10.415069] cloud-init[869]: ci-info: +--------+-------+----------------------------+---------------+--------+-------------------+
[   10.424038] cloud-init[869]: ci-info: | Device |   Up  |          Address           |      Mask     | Scope  |     Hw-Address    |
[   10.428473] cloud-init[869]: ci-info: +--------+-------+----------------------------+---------------+--------+-------------------+
[   10.435577] cloud-init[869]: ci-info: | enp0s3 |  True |         10.0.2.15          | 255.255.255.0 | global | 02:3b:7b:b7:3b:2d |
[   10.442400] cloud-init[869]: ci-info: | enp0s3 |  True | fd00::3b:7bff:feb7:3b2d/64 |       .       | global | 02:3b:7b:b7:3b:2d |
[   10.447056] cloud-init[869]: ci-info: | enp0s3 |  True | fe80::3b:7bff:feb7:3b2d/64 |       .       |  link  | 02:3b:7b:b7:3b:2d |
[   10.456489] cloud-init[869]: ci-info: | enp0s8 | False |             .              |       .       |   .    | 08:00:27:78:c7:a2 |
[   10.459352] cloud-init[869]: ci-info: |   lo   |  True |         127.0.0.1          |   255.0.0.0   |  host  |         .         |
[   10.467843] cloud-init[869]: ci-info: |   lo   |  True |          ::1/128           |       .       |  host  |         .         |
[   10.470993] cloud-init[869]: ci-info: +--------+-------+----------------------------+---------------+--------+-------------------+
[   10.474836] cloud-init[869]: ci-info: ++++++++++++++++++++++++++++Route IPv4 info+++++++++++++++++++++++++++++
[   10.483092] cloud-init[869]: ci-info: +-------+-------------+----------+-----------------+-----------+-------+
[   10.488284] cloud-init[869]: ci-info: | Route | Destination | Gateway  |     Genmask     | Interface | Flags |
[   10.491261] cloud-init[869]: ci-info: +-------+-------------+----------+-----------------+-----------+-------+
[   10.495189] cloud-init[869]: ci-info: |   0   |   0.0.0.0   | 10.0.2.2 |     0.0.0.0     |   enp0s3  |   UG  |
[   10.498699] cloud-init[869]: ci-info: |   1   |   10.0.2.0  | 0.0.0.0  |  255.255.255.0  |   enp0s3  |   U   |
[   10.503048] cloud-init[869]: ci-info: |   2   |   10.0.2.2  | 0.0.0.0  | 255.255.255.255 |   enp0s3  |   UH  |
[   10.506873] cloud-init[869]: ci-info: +-------+-------------+----------+-----------------+-----------+-------+
[   10.515862] cloud-init[869]: ci-info: +++++++++++++++++++Route IPv6 info+++++++++++++++++++
[   10.520164] cloud-init[869]: ci-info: +-------+-------------+---------+-----------+-------+
[   10.525095] cloud-init[869]: ci-info: | Route | Destination | Gateway | Interface | Flags |
[   10.531121] cloud-init[869]: ci-info: +-------+-------------+---------+-----------+-------+
[   10.536310] cloud-init[869]: ci-info: |   1   |  fd00::/64  |    ::   |   enp0s3  |   U   |
[   10.538889] cloud-init[869]: ci-info: |   2   |  fe80::/64  |    ::   |   enp0s3  |   U   |
[   10.542435] cloud-init[869]: ci-info: |   3   |     ::/0    | fe80::2 |   enp0s3  |   UG  |
[   10.554009] cloud-init[869]: ci-info: |   5   |    local    |    ::   |   enp0s3  |   U   |
[   10.556611] cloud-init[869]: ci-info: |   6   |   ff00::/8  |    ::   |   enp0s3  |   U   |
[   10.559519] cloud-init[869]: ci-info: +-------+-------------+---------+-----------+-------+
[   11.066750] cloud-init[869]: Generating public/private rsa key pair.
[   11.069147] cloud-init[869]: Your identification has been saved in /etc/ssh/ssh_host_rsa_key.
[   11.082382] cloud-init[869]: Your public key has been saved in /etc/ssh/ssh_host_rsa_key.pub.
[   11.085327] cloud-init[869]: The key fingerprint is:
[   11.087102] cloud-init[869]: SHA256:q9Yorl4FurQ5yL5TedvRx50C9TZLBkxPZVv2RdxrnS4 root@ubuntu-bionic
[   11.089486] cloud-init[869]: The key's randomart image is:
[   11.091438] cloud-init[869]: +---[RSA 2048]----+
[   11.104615] cloud-init[869]: |          o. ..=*|
[   11.106594] cloud-init[869]: |           +o ..B|
[   11.108529] cloud-init[869]: |    .     . o. .=|
[   11.110575] cloud-init[869]: |   . .   .   * +.|
[   11.112567] cloud-init[869]: |  o . . S o = *  |
[   11.124175] cloud-init[869]: |.o * o . o + E . |
[   11.126100] cloud-init[869]: |..* o ooo . . .  |
[   11.128539] cloud-init[869]: |.. o..oo.        |
[   11.130414] cloud-init[869]: | +=o.o.          |
[   11.132357] cloud-init[869]: +----[SHA256]-----+
[   11.138230] cloud-init[869]: Generating public/private dsa key pair.
[   11.140865] cloud-init[869]: Your identification has been saved in /etc/ssh/ssh_host_dsa_key.
[[0;32m  OK  [0m] Started Initial cloud-init job (metadata service crawler).
[[0;32m  OK  [0m] Reached target Network is Online.
[   11.148345] cloud-init[869]: Your public key has been saved in /etc/ssh/ssh_host_dsa_key.pub.
[   11.150582] cloud-init[869]: The key fingerprint is:[[0;32m  OK  [0m] Reached target Remote File Systems (Pre).
[[0;32m  OK  [0m] Reached target Remote File Systems.
         Starting Availability of block devices...
[[0;32m  OK  [0m] Reached target Cloud-config availability.
[[0;32m  OK  [0m
[   11.165537] cloud-init[869]: SHA256:EMGaUm8F0AB0Z1RKwqi4ivlZ9+fHNuVNnXabiniXtEI root@ubuntu-bionic
[   11.167738] ] Reached target System Initialization.
[[0;32m  OK  [0m] Started Daily Cleanup of Temporary Directories.
         Starting Socket activation for snappy daemon.
[[0;32m  OK  [0m] Listening on cloud-init hotplug hook socket.
cloud-init[869]: The key's randomart image is:
[   11.183216] cloud-init[869]: [[0;32m  OK  [0m] Listening on ACPID Listen Socket.
[[0;32m  OK  [0m] Started Message of the Day.
+---[DSA 1024]----+         Starting LXD - unix socket.
[   11.192694] cloud-init[869]: | .o+=*O+.        |
[   11.194876] cloud-init[869]: |  ..o=oo.        |
[[0;32m  OK  [0m] Started ACPI Events Check.
[[0;32m  OK  [0m] Reached target Paths.
[[0;32m  OK  [0m] Listening on Open-iSCSI iscsid Socket.
[[0;32m  OK  [0m] Listening on UUID daemon activation socket.
[[0;32m  OK  [0m] Started Ubuntu Advantage Timer for running repeated jobs.

[   11.212703] cloud-init[869]: |.. . +o.         |
[   11.215070] cloud-init[869]: [[0;32m  OK  [0m] Listening on D-Bus System Message Bus Socket.
[[0;32m  OK  [0m] Started Discard unused blocks once a week.
[|o . o o.         |
[   11.221200] cloud-init[869]: | . . .  S       o|
[   11.223091] cloud-init[869]: [0;32m  OK  [0m] Started Daily apt download activities.
[[0;32m  OK  [0m] Started Daily apt upgrade and clean activities.
|.          E ..o+|
[   11.228910] cloud-init[869]: |o.  . .   ...o+o+|
[   11.230613] cloud-init[869]: |+  o . .  oo*+.o.|[[0;32m  OK  [0m] Reached target Timers.

[   11.234534] cloud-init[869]: | .o     .+o+oo.  |
[[0;32m  OK  [0m] Started Availability of block devices.
[[0;32m  OK  [0m] Listening on Socket activation for snappy daemon.
[   11.240287] cloud-init[869]: +----[SHA256]-----+
[   11.242158] cloud-init[869]: Generating public/private ecdsa key pair.
[[0;32m  OK  [0m] Listening on LXD - unix socket.
[[0;32m  OK  [0m] Reached target Sockets.
[   11.248362] cloud-init[869]: Your identification has been saved in /etc/ssh/ssh_host_ecdsa_key.
[   11.250624] cloud-init[869]: Your public key has been saved in /etc/ssh/ssh_host_ecdsa_key.pub.[[0;32m  OK  [0m] Reached target Basic System.
[[0;32m  OK  [0m] Started irqbalance daemon.

[[0;32m  OK  [0m] Started Regular background program processing daemon.
[   11.266113] cloud-init[869]: The key fingerprint is:
         Starting LSB: automatic crash report generation...
[   11.273727] cloud-init[869]: SHA256:IyQKjOTq+dXYANITR+QZL9IEVpuph/X1gtWieJwDysQ root@ubuntu-bionic
[   11.280292] cloud-init[869]: The key's randomart image is:         Starting Login Service...
[[0;32m  OK  [0m] Started D-Bus System Message Bus.

[   11.292975] cloud-init[869]: +---[ECDSA 256]---+
[   11.301993] cloud-init[869]: | . +=B           |
[   11.305496] cloud-init[869]: |= + * B   .      |
[   11.313901] cloud-init[869]: |o+ E.@.. + .     |
[   11.317475] cloud-init[869]: |..+.Oo* * o      |
[   11.321941] cloud-init[869]: |. .= +.OS. .     |
[   11.329755] cloud-init[869]: |. . . *....      |
[   11.337134] [[0;32m  OK  [0m] Started Deferred execution scheduler.
[[0;32m  OK  [0m] Reached target Login Prompts (Pre).cloud-init[869]: | o   o o         |
[   11.346019] cloud-init
         Starting Pollinate to seed the pseudo random number generator...
         Starting LSB: Record successful boot for GRUB...
[869]: |  . .            |
         Starting Accounts Service...
[   11.362888] cloud-init[869]: [[0;32m  OK  [0m] Started FUSE filesystem for LXC.
|   .             |         Starting Permit User Sessions...
         Starting Dispatcher daemon for systemd-networkd...

[   11.376398]          Starting Virtualbox guest utils...
cloud-init         Starting System Logging Service...
[869]:          Starting LXD - container startup/shutdown...
+----[SHA256]-----+
[   11.395475] cloud-init[869]: Generating public/private ed25519 key pair.
[   11.401508] cloud-init[869]: Your identification has been saved in /etc/ssh/ssh_host_ed25519_key.
[   11.410334] cloud-init[869]: Your public key has been saved in /etc/ssh/ssh_host_ed25519_key.pub.
[   11.427465] cloud-init[869]: The key fingerprint is:
[   11.433085] cloud-init[869]:          Starting Snap Daemon...
SHA256:Lem4pqTKbx0g9clfdlAkSPzTxp1tbtEhsNf1VdHHcIw root@ubuntu-bionic[[0;32m  OK  [0m] Started Permit User Sessions.

[   11.473278] cloud-init[869]: The key's randomart image is:
[   11.478798] cloud-init[869]: +--[ED25519 256]--+
[   11.485337] cloud-init[869]: |      o...o+. .*O|
[   11.495471] cloud-init[869]: |   .   o .. ..EoO|
[   11.510366] cloud-init[869]: |  . o . . +...+.=|
[   11.515986] cloud-init[869]: | . . +   B =.o +.|
[   11.521956] cloud-init[869]: |  . . . S =   o .|
[   11.529571] cloud-init[869]: |     . + .     o |
[   11.536574] cloud-init[869]: |    o o .     .  |
[   11.544413] cloud-init[869]: |.  + ...         |
[   11.554631] [[0;32m  OK  [0m] Started System Logging Service.
[[0;32m  OK  [0m] Started Login Service.
cloud-init[869]: |.o+..o.          |
[   11.574807] cloud-init[869]: +----[SHA256]-----+
[[0;32m  OK  [0m] Started LSB: automatic crash report generation.
         Starting Authorization Manager...
[[0;32m  OK  [0m] Started Unattended Upgrades Shutdown.
         Starting Hostname Service...
         Starting Hold until boot process finishes up...
         Starting Terminate Plymouth Boot Screen...
[[0;32m  OK  [0m] Started Hold until boot process finishes up.
         Starting Set console scheme...
[[0;32m  OK  [0m] Started Serial Getty on ttyS0.
[[0;32m  OK  [0m] Started Terminate Plymouth Boot Screen.
[[0;32m  OK  [0m] Started LSB: Record successful boot for GRUB.
[[0;32m  OK  [0m] Started Set console scheme.
[[0;32m  OK  [0m] Created slice system-getty.slice.
[[0;32m  OK  [0m] Started Getty on tty1.
[[0;32m  OK  [0m] Reached target Login Prompts.
[[0;32m  OK  [0m] Started Authorization Manager.
[[0;32m  OK  [0m] Started Accounts Service.
[[0;32m  OK  [0m] Started Virtualbox guest utils.
[[0;32m  OK  [0m] Started Hostname Service.
[[0;32m  OK  [0m] Started LXD - container startup/shutdown.
[[0;32m  OK  [0m] Started Dispatcher daemon for systemd-networkd.
[[0;32m  OK  [0m] Started Snap Daemon.
         Starting Wait until snapd is fully seeded...
[[0;32m  OK  [0m] Started Pollinate to seed the pseudo random number generator.
         Starting OpenBSD Secure Shell server...
[[0;32m  OK  [0m] Started OpenBSD Secure Shell server.
[[0;32m  OK  [0m] Created slice User Slice of vagrant.
         Starting Time & Date Service...
         Starting User Manager for UID 1000...
[[0;32m  OK  [0m] Started Session 1 of user vagrant.
[[0;32m  OK  [0m] Started Time & Date Service.
[[0;32m  OK  [0m] Started User Manager for UID 1000.
[[0;32m  OK  [0m] Started Wait until snapd is fully seeded.
         Starting Apply the settings specified in cloud-config...
[   15.779815] cloud-init[1485]: Cloud-init v. 23.1.2-0ubuntu0~18.04.1 running 'modules:config' at Tue, 18 Mar 2025 02:56:49 +0000. Up 15.43 seconds.
[[0;32m  OK  [0m] Started Apply the settings specified in cloud-config.
[[0;32m  OK  [0m] Reached target Multi-User System.
[[0;32m  OK  [0m] Reached target Graphical Interface.
         Starting Update UTMP about System Runlevel Changes...
         Starting Execute cloud user/final scripts...
[[0;32m  OK  [0m] Started Update UTMP about System Runlevel Changes.
ci-info: no authorized SSH keys fingerprints found for user ubuntu.
<14>Mar 18 02:56:50 cloud-init: #############################################################
<14>Mar 18 02:56:50 cloud-init: -----BEGIN SSH HOST KEY FINGERPRINTS-----
<14>Mar 18 02:56:50 cloud-init: 1024 SHA256:EMGaUm8F0AB0Z1RKwqi4ivlZ9+fHNuVNnXabiniXtEI root@ubuntu-bionic (DSA)
<14>Mar 18 02:56:50 cloud-init: 256 SHA256:IyQKjOTq+dXYANITR+QZL9IEVpuph/X1gtWieJwDysQ root@ubuntu-bionic (ECDSA)
<14>Mar 18 02:56:50 cloud-init: 256 SHA256:Lem4pqTKbx0g9clfdlAkSPzTxp1tbtEhsNf1VdHHcIw root@ubuntu-bionic (ED25519)
<14>Mar 18 02:56:50 cloud-init: 2048 SHA256:q9Yorl4FurQ5yL5TedvRx50C9TZLBkxPZVv2RdxrnS4 root@ubuntu-bionic (RSA)
<14>Mar 18 02:56:50 cloud-init: -----END SSH HOST KEY FINGERPRINTS-----
<14>Mar 18 02:56:50 cloud-init: #############################################################
-----BEGIN SSH HOST KEY KEYS-----
ecdsa-sha2-nistp256 AAAAE2VjZHNhLXNoYTItbmlzdHAyNTYAAAAIbmlzdHAyNTYAAABBBPGJJ3ubuY+WatwBkCkuCsHE42saTJDZSPuIjSQCcdD9B9MdbcFYm/jGlM3CjIibShhaMSDAQwUnRLJbBcoz78k= root@ubuntu-bionic
ssh-ed25519 AAAAC3NzaC1lZDI1NTE5AAAAIIG63R2bCyzN5D201QVGn0rrqqJdAU1QdjFV3Q+V5GtN root@ubuntu-bionic
ssh-rsa AAAAB3NzaC1yc2EAAAADAQABAAABAQDOHZLNB9yRuUJNYCTSg1CGKo9W4osKXyIDuTpTtZ7yKaPauQXcGk8sguQCcqNXkYAdExdvtNRpNWhAuRpY1di9LGzUvEW3ftVdDF2EFYnN7u+8qtmR0jZXJsdfRBfe91wYQXFDeRLYTfZwbw2zG6MvR3luiTnz8wYFxU1anEB5/wEXDUoG8zXCOjJhI6EX1mlY5vUjlq0rLf+CkbHRzO54WpAHdG0L3szCDWU1dEKXMaR4NWWeJzN0JGlfkwOET90p8PccYMN771ioCCzlev/p/l//B5rY/khNIPs1g65dEaIYWfeSGQ98kEaxttLNG9PFAQeIUyCDFLOrobZXhWyD root@ubuntu-bionic
-----END SSH HOST KEY KEYS-----
[   16.395069] cloud-init[1642]: Cloud-init v. 23.1.2-0ubuntu0~18.04.1 running 'modules:final' at Tue, 18 Mar 2025 02:56:50 +0000. Up 16.23 seconds.
[   16.404317] cloud-init[1642]: Cloud-init v. 23.1.2-0ubuntu0~18.04.1 finished at Tue, 18 Mar 2025 02:56:50 +0000. Datasource DataSourceNoCloud [seed=/dev/sdb][dsmode=net].  Up 16.39 seconds
[[0;32m  OK  [0m] Started Execute cloud user/final scripts.
[[0;32m  OK  [0m] Reached target Cloud-init target.

Ubuntu 18.04.6 LTS ubuntu-bionic ttyS0

ubuntu-bionic login: 